[arino-html.vercel.app/index.html]
[arino-html.vercel.app/assets/img/favicon.png]
[backblue.gif]
[fade.gif]
[index.html]
[arino-html.vercel.app/assets/css/plugins/bootstrap.min.css]
[arino-html.vercel.app/assets/css/plugins/lightgallery.min.css]
[arino-html.vercel.app/assets/css/plugins/slick.css]
[arino-html.vercel.app/assets/css/plugins/animate.css]
[arino-html.vercel.app/assets/css/style.css]
[arino-html.vercel.app/index-2.html]
[arino-html.vercel.app/assets/img/logo.svg]
[arino-html.vercel.app/assets/img/demo/main-home.jpeg]
[arino-html.vercel.app/showcase-portfolio.html]
[arino-html.vercel.app/assets/img/demo/showcase.jpeg]
[arino-html.vercel.app/photography-agency.html]
[arino-html.vercel.app/assets/img/demo/photography-agency.jpeg]
[arino-html.vercel.app/case-study-showcase.html]
[arino-html.vercel.app/assets/img/demo/case_study_showcase.jpeg]
[arino-html.vercel.app/creative-portfolio.html]
[arino-html.vercel.app/assets/img/demo/portfolio.jpeg]
[arino-html.vercel.app/digital-agency.html]
[arino-html.vercel.app/assets/img/demo/digital-agency.jpeg]
[arino-html.vercel.app/marketing-agency.html]
[arino-html.vercel.app/assets/img/demo/marketing.jpeg]
[arino-html.vercel.app/freelancer-agency.html]
[arino-html.vercel.app/assets/img/demo/freelancer-agency.jpeg]
[arino-html.vercel.app/assets/img/demo/rtl.jpeg]
[arino-html.vercel.app/about.html]
[arino-html.vercel.app/service.html]
[arino-html.vercel.app/service-details.html]
[arino-html.vercel.app/portfolio.html]
[arino-html.vercel.app/portfolio-details.html]
[arino-html.vercel.app/blog.html]
[arino-html.vercel.app/blog-details.html]
[arino-html.vercel.app/contact.html]
[arino-html.vercel.app/team.html]
[arino-html.vercel.app/team-details.html]
[arino-html.vercel.app/case-study.html]
[arino-html.vercel.app/faq.html]
[arino-html.vercel.app/assets/img/footer_logo.svg]
[arino-html.vercel.app/assets/img/service_1.jpeg]
[arino-html.vercel.app/assets/img/service_2.jpeg]
[arino-html.vercel.app/assets/img/service_3.jpeg]
[arino-html.vercel.app/assets/img/service_4.jpeg]
[arino-html.vercel.app/assets/img/portfolio_1.jpeg]
[arino-html.vercel.app/assets/img/portfolio_2.jpeg]
[arino-html.vercel.app/assets/img/portfolio_3.jpeg]
[arino-html.vercel.app/assets/img/video_bg.jpeg]
[arino-html.vercel.app/assets/img/member_1.jpeg]
[arino-html.vercel.app/assets/img/member_2.jpeg]
[arino-html.vercel.app/assets/img/member_3.jpeg]
[arino-html.vercel.app/assets/img/member_4.jpeg]
[arino-html.vercel.app/assets/img/testimonial_1.jpeg]
[arino-html.vercel.app/assets/img/testimonial_2.jpeg]
[arino-html.vercel.app/assets/img/testimonial_3.jpeg]
[arino-html.vercel.app/assets/img/rating.svg]
[arino-html.vercel.app/assets/img/post_1.jpeg]
[arino-html.vercel.app/assets/img/post_2.jpeg]
[arino-html.vercel.app/assets/img/post_3.jpeg]
[arino-html.vercel.app/assets/img/partner_1.svg]
[arino-html.vercel.app/assets/img/partner_2.svg]
[arino-html.vercel.app/assets/img/partner_3.svg]
[arino-html.vercel.app/assets/img/partner_4.svg]
[arino-html.vercel.app/assets/img/partner_5.svg]
[arino-html.vercel.app/assets/img/cta_bg.jpeg]
[arino-html.vercel.app/assets/js/plugins/jquery-3.6.0.min.js]
[arino-html.vercel.app/assets/js/plugins/isotope.pkg.min.js]
[arino-html.vercel.app/assets/js/plugins/jquery.slick.min.js]
[arino-html.vercel.app/assets/js/plugins/jquery.counter.min.js]
[arino-html.vercel.app/assets/js/plugins/lightgallery.min.js]
[arino-html.vercel.app/assets/js/plugins/wow.min.js]
[arino-html.vercel.app/assets/js/plugins/gsap.min.js]
[arino-html.vercel.app/index.html]
[arino-html.vercel.app/assets/css/plugins/bootstrap.min.css]
[arino-html.vercel.app/assets/js/main.js]
[arino-html.vercel.app/assets/fonts/lgd641.eot]
[arino-html.vercel.app/assets/fonts/lgd41d.eot]
[arino-html.vercel.app/assets/fonts/lgd641.woff]
[arino-html.vercel.app/assets/fonts/lgd641.ttf]
[arino-html.vercel.app/assets/fonts/lgd641.svg]
[arino-html.vercel.app/assets/css/img/vimeo-play.png]
[arino-html.vercel.app/assets/css/img/video-play.png]
[arino-html.vercel.app/assets/css/img/youtube-play.png]
[arino-html.vercel.app/assets/img/loading.gif]
[arino-html.vercel.app/assets/css/plugins/lightgallery.min.css]
[arino-html.vercel.app/assets/css/plugins/slick.css]
[arino-html.vercel.app/assets/css/plugins/animate.css]
[arino-html.vercel.app/assets/img/drag.png]
[arino-html.vercel.app/assets/css/style.css]
[arino-html.vercel.app/index-2.html]
[arino-html.vercel.app/assets/img/logo.svg]
[arino-html.vercel.app/assets/css/plugins/swiper.min.css]
[arino-html.vercel.app/assets/img/slider_1.jpeg]
[arino-html.vercel.app/assets/img/slider_2.jpeg]
[arino-html.vercel.app/assets/img/slider_3.jpeg]
[arino-html.vercel.app/assets/img/slider_4.jpeg]
[arino-html.vercel.app/showcase-portfolio.html]
[arino-html.vercel.app/assets/js/plugins/swiper.min.js]
[arino-html.vercel.app/assets/img/wedding.jpeg]
[arino-html.vercel.app/assets/img/fashion.jpeg]
[arino-html.vercel.app/assets/img/commercial.jpeg]
[arino-html.vercel.app/assets/img/landscape.jpeg]
[arino-html.vercel.app/assets/img/about_img_5.jpeg]
[arino-html.vercel.app/assets/img/portfolio_21_lg.jpeg]
[arino-html.vercel.app/assets/img/portfolio_21.jpeg]
[arino-html.vercel.app/assets/img/portfolio_22_lg.jpeg]
[arino-html.vercel.app/assets/img/portfolio_22.jpeg]
[arino-html.vercel.app/assets/img/portfolio_23_lg.jpeg]
[arino-html.vercel.app/assets/img/portfolio_23.jpeg]
[arino-html.vercel.app/assets/img/portfolio_24_lg.jpeg]
[arino-html.vercel.app/assets/img/portfolio_24.jpeg]
[arino-html.vercel.app/assets/img/portfolio_25_lg.jpeg]
[arino-html.vercel.app/assets/img/portfolio_25.jpeg]
[arino-html.vercel.app/assets/img/portfolio_26_lg.jpeg]
[arino-html.vercel.app/assets/img/portfolio_26.jpeg]
[arino-html.vercel.app/assets/img/portfolio_27_lg.jpeg]
[arino-html.vercel.app/assets/img/portfolio_27.jpeg]
[arino-html.vercel.app/assets/img/portfolio_28_lg.jpeg]
[arino-html.vercel.app/assets/img/portfolio_28.jpeg]
[arino-html.vercel.app/assets/img/portfolio_29_lg.jpeg]
[arino-html.vercel.app/assets/img/portfolio_29.jpeg]
[arino-html.vercel.app/assets/img/portfolio_30_lg.jpeg]
[arino-html.vercel.app/assets/img/portfolio_30.jpeg]
[arino-html.vercel.app/assets/img/map_img_1.jpeg]
[arino-html.vercel.app/photography-agency.html]
[arino-html.vercel.app/assets/img/slider_5.jpeg]
[arino-html.vercel.app/assets/img/slider_6.jpeg]
[arino-html.vercel.app/assets/img/slider_7.jpeg]
[arino-html.vercel.app/assets/img/slider_8.jpeg]
[arino-html.vercel.app/assets/img/slider_9.jpeg]
[arino-html.vercel.app/case-study-showcase.html]
[arino-html.vercel.app/assets/img/hero_bg_4.jpeg]
[arino-html.vercel.app/assets/img/portfolio_35.jpeg]
[arino-html.vercel.app/assets/img/portfolio_36.jpeg]
[arino-html.vercel.app/assets/img/portfolio_37.jpeg]
[arino-html.vercel.app/assets/img/portfolio_38.jpeg]
[arino-html.vercel.app/assets/img/case_study_2.jpeg]
[arino-html.vercel.app/assets/img/case_study_1.jpeg]
[arino-html.vercel.app/assets/img/cta_bg_3.jpeg]
[arino-html.vercel.app/creative-portfolio.html]
[arino-html.vercel.app/assets/js/plugins/ripples.min.js]
[arino-html.vercel.app/assets/img/hero_bg_2.jpeg]
[arino-html.vercel.app/assets/img/hero_bg_3.jpeg]
[arino-html.vercel.app/assets/img/portfolio_11.jpeg]
[arino-html.vercel.app/assets/img/portfolio_12.jpeg]
[arino-html.vercel.app/assets/img/portfolio_13.jpeg]
[arino-html.vercel.app/assets/img/portfolio_14.jpeg]
[arino-html.vercel.app/assets/img/portfolio_15.jpeg]
[arino-html.vercel.app/assets/img/portfolio_16.jpeg]
[arino-html.vercel.app/assets/img/avatar_2.jpeg]
[arino-html.vercel.app/assets/img/avatar_3.jpeg]
[arino-html.vercel.app/assets/img/avatar_4.jpeg]
[arino-html.vercel.app/assets/img/partner_6.svg]
[arino-html.vercel.app/assets/img/partner_7.svg]
[arino-html.vercel.app/assets/img/partner_8.svg]
[arino-html.vercel.app/assets/img/partner_9.svg]
[arino-html.vercel.app/assets/img/partner_10.svg]
[arino-html.vercel.app/assets/img/partner_11.svg]
[arino-html.vercel.app/assets/img/partner_12.svg]
[arino-html.vercel.app/assets/img/partner_13.svg]
[arino-html.vercel.app/assets/img/partner_14.svg]
[arino-html.vercel.app/digital-agency.html]
[arino-html.vercel.app/assets/img/partner_15.svg]
[arino-html.vercel.app/assets/img/video_bg_2.jpeg]
[arino-html.vercel.app/assets/img/service_7.jpeg]
[arino-html.vercel.app/assets/img/service_8.jpeg]
[arino-html.vercel.app/assets/img/service_9.jpeg]
[arino-html.vercel.app/assets/img/service_10.jpeg]
[arino-html.vercel.app/assets/img/portfolio_31.jpeg]
[arino-html.vercel.app/assets/img/portfolio_32.jpeg]
[arino-html.vercel.app/assets/img/portfolio_33.jpeg]
[arino-html.vercel.app/assets/img/portfolio_34.jpeg]
[arino-html.vercel.app/marketing-agency.html]
[arino-html.vercel.app/assets/img/hero_img.svg]
[arino-html.vercel.app/assets/img/portfolio_39.jpeg]
[arino-html.vercel.app/assets/img/portfolio_40.jpeg]
[arino-html.vercel.app/assets/img/portfolio_41.jpeg]
[arino-html.vercel.app/assets/img/portfolio_42.jpeg]
[arino-html.vercel.app/assets/img/portfolio_43.jpeg]
[arino-html.vercel.app/assets/img/portfolio_44.jpeg]
[arino-html.vercel.app/assets/img/cta_bg_4.jpg]
[arino-html.vercel.app/freelancer-agency.html]
[arino-html.vercel.app/assets/img/about_hero_bg.jpeg]
[arino-html.vercel.app/assets/img/about_img_1.jpeg]
[arino-html.vercel.app/assets/img/about_img_2.jpeg]
[arino-html.vercel.app/assets/img/about_img_3.jpeg]
[arino-html.vercel.app/assets/img/about_img_4.jpeg]
[arino-html.vercel.app/about.html]
[arino-html.vercel.app/assets/img/service_hero_bg.jpeg]
[arino-html.vercel.app/assets/img/service_5.jpeg]
[arino-html.vercel.app/assets/img/service_6.jpeg]
[arino-html.vercel.app/service.html]
[arino-html.vercel.app/assets/img/service_img_1.jpeg]
[arino-html.vercel.app/service-details.html]
[arino-html.vercel.app/assets/img/portfolio_hero_bg.jpeg]
[arino-html.vercel.app/assets/img/portfolio_4.jpeg]
[arino-html.vercel.app/assets/img/portfolio_5.jpeg]
[arino-html.vercel.app/assets/img/portfolio_6.jpeg]
[arino-html.vercel.app/assets/img/portfolio_7.jpeg]
[arino-html.vercel.app/assets/img/portfolio_8.jpeg]
[arino-html.vercel.app/assets/img/portfolio_9.jpeg]
[arino-html.vercel.app/assets/img/portfolio_10.jpeg]
[arino-html.vercel.app/assets/img/cta_bg_2.jpeg]
[arino-html.vercel.app/portfolio.html]
[arino-html.vercel.app/assets/img/portfolio_details_bg.jpeg]
[arino-html.vercel.app/portfolio-details.html]
[arino-html.vercel.app/assets/img/portfolio_details_1.jpeg]
[arino-html.vercel.app/assets/img/blog_hero_bg.jpeg]
[arino-html.vercel.app/assets/img/post_4.jpeg]
[arino-html.vercel.app/assets/img/post_5.jpeg]
[arino-html.vercel.app/assets/img/post_6.jpeg]
[arino-html.vercel.app/assets/img/avatar_1.png]
[arino-html.vercel.app/assets/img/recent_post_1.jpeg]
[arino-html.vercel.app/assets/img/recent_post_2.jpeg]
[arino-html.vercel.app/assets/img/recent_post_3.jpeg]
[arino-html.vercel.app/assets/img/recent_post_4.jpeg]
[arino-html.vercel.app/blog.html]
[arino-html.vercel.app/assets/img/blog_details_hero_bg.jpeg]
[arino-html.vercel.app/assets/img/blog_details_img_1.jpeg]
[arino-html.vercel.app/assets/img/blog_details_img_2.jpeg]
[arino-html.vercel.app/blog-details.html]
[arino-html.vercel.app/assets/img/contact_hero_bg.jpeg]
[arino-html.vercel.app/assets/img/map_img.jpeg]
[arino-html.vercel.app/contact.html]
[arino-html.vercel.app/assets/img/team_hero_bg.jpeg]
[arino-html.vercel.app/team.html]
[arino-html.vercel.app/assets/img/member_details_1.jpeg]
[arino-html.vercel.app/team-details.html]
[arino-html.vercel.app/assets/img/case_study_details_bg.jpeg]
[arino-html.vercel.app/assets/img/case_study_img_1.jpeg]
[arino-html.vercel.app/assets/img/case_study_img_2.jpeg]
[arino-html.vercel.app/assets/img/case_study_img_3.jpeg]
[arino-html.vercel.app/assets/img/case_study_img_4.png]
[arino-html.vercel.app/assets/img/case_study_img_5.png]
[arino-html.vercel.app/case-study.html]
[arino-html.vercel.app/faq.html]
[arino-html.vercel.app/assets/img/footer_logo.svg]
[arino-html.vercel.app/assets/img/funfact_shape_bg.svg]
[arino-html.vercel.app/assets/img/rating.svg]
[arino-html.vercel.app/assets/img/partner_1.svg]
[arino-html.vercel.app/assets/img/partner_2.svg]
[arino-html.vercel.app/assets/img/partner_3.svg]
[arino-html.vercel.app/assets/img/partner_4.svg]
[arino-html.vercel.app/assets/img/partner_5.svg]
[arino-html.vercel.app/assets/fonts/lgd641.svg]
[arino-html.vercel.app/assets/css/img/vimeo-play.html]
[arino-html.vercel.app/assets/css/img/video-play.html]
[arino-html.vercel.app/assets/css/img/youtube-play.html]
[arino-html.vercel.app/assets/img/prev_arrow.svg]
[arino-html.vercel.app/assets/img/next_arrow.svg]
[arino-html.vercel.app/assets/img/icons/double_arrow_icon.svg]
[arino-html.vercel.app/assets/css/plugins/swiper.min.css]
[arino-html.vercel.app/assets/img/partner_6.svg]
[arino-html.vercel.app/assets/img/partner_7.svg]
[arino-html.vercel.app/assets/img/partner_8.svg]
[arino-html.vercel.app/assets/img/partner_9.svg]
[arino-html.vercel.app/assets/img/partner_10.svg]
[arino-html.vercel.app/assets/img/partner_11.svg]
[arino-html.vercel.app/assets/img/partner_12.svg]
[arino-html.vercel.app/assets/img/partner_13.svg]
[arino-html.vercel.app/assets/img/partner_14.svg]
[arino-html.vercel.app/assets/img/partner_15.svg]
[arino-html.vercel.app/assets/img/hero_img.svg]
